// Jest Snapshot v1, https://goo.gl/fbAQLP

exports[`App should match the snapshot with all data passed in correctly 1`] = `
<section
  className="App"
>
  <Link
    className="header-link"
    to="/"
  >
    <div
      className="headerContents"
    >
      <h1>
        Schoolhouses Rock!
      </h1>
    </div>
  </Link>
  <Route
    path="/"
    render={[Function]}
  />
  <Route
    exact={true}
    path="/schools"
    render={[Function]}
  />
  <Route
    exact={true}
    path="/schools/:school_id"
    render={[Function]}
  />
</section>
`;
